
> tibyan@0.1.0 build
> prisma generate && next build

Environment variables loaded from .env
Prisma schema loaded from prisma\schema.prisma

Ô£ö Generated Prisma Client (v5.22.0) to .\node_modules\@prisma\client in 272ms

Start by importing your Prisma Client (See: https://pris.ly/d/importing-client)

Tip: Interested in query caching in just a few lines of code? Try Accelerate today! https://pris.ly/tip-3-accelerate

Ôû▓ Next.js 16.1.6 (Turbopack)
- Environments: .env

  Creating an optimized production build ...
Ô£ô Compiled successfully in 9.9s
  Running TypeScript ...
  Collecting page data using 15 workers ...
npm : ÔÜá Using edge runtime on a page currently disables static generation for that page
At line:1 char:1
+ npm run build > build-output.log 2>&1; if ($LASTEXITCODE -eq 0) { Wri ...
+ ~~~~~~~~~~~~~~~~~~~~~~~~~~~~~~~~~~~~~
    + CategoryInfo          : NotSpecified: (ÔÜá Using edge ...n for that page:String) [], RemoteException
    + FullyQualifiedErrorId : NativeCommandError
 
  Generating static pages using 15 workers (0/90) ...
  Generating static pages using 15 workers (22/90) 
  Generating static pages using 15 workers (44/90) 
  Generating static pages using 15 workers (67/90) 
Ô£ô Generating static pages using 15 workers (90/90) in 429.7ms
  Finalizing page optimization ...

Route (app)
Ôöî ãÆ /
Ôö£ ãÆ /_not-found
Ôö£ ãÆ /about
Ôö£ ãÆ /admin
Ôö£ ãÆ /admin/activity
Ôö£ ãÆ /admin/applications
Ôö£ ãÆ /admin/audit-logs
Ôö£ ãÆ /admin/blog-posts
Ôö£ ãÆ /admin/certificates
Ôö£ ãÆ /admin/courses
Ôö£ ãÆ /admin/integrations
Ôö£ ãÆ /admin/live-chat
Ôö£ ãÆ /admin/notifications
Ôö£ ãÆ /admin/payments
Ôö£ ãÆ /admin/permissions
Ôö£ ãÆ /admin/reports
Ôö£ ãÆ /admin/reviews
Ôö£ ãÆ /admin/settings
Ôö£ ãÆ /admin/social
Ôö£ ãÆ /admin/storage
Ôö£ ãÆ /admin/users
Ôö£ ãÆ /api/admin/activity
Ôö£ ãÆ /api/admin/admins
Ôö£ ãÆ /api/admin/applications
Ôö£ ãÆ /api/admin/applications/[id]
Ôö£ ãÆ /api/admin/audit-logs
Ôö£ ãÆ /api/admin/auth/request-code
Ôö£ ãÆ /api/admin/auth/verify-code
Ôö£ ãÆ /api/admin/certificates
Ôö£ ãÆ /api/admin/certificates/[id]
Ôö£ ãÆ /api/admin/courses
Ôö£ ãÆ /api/admin/courses/[id]
Ôö£ ãÆ /api/admin/enrollments
Ôö£ ãÆ /api/admin/integrations
Ôö£ ãÆ /api/admin/media/diagnose
Ôö£ ãÆ /api/admin/notifications
Ôö£ ãÆ /api/admin/payments
Ôö£ ãÆ /api/admin/permissions
Ôö£ ãÆ /api/admin/reports
Ôö£ ãÆ /api/admin/reviews
Ôö£ ãÆ /api/admin/settings
Ôö£ ãÆ /api/admin/stats
Ôö£ ãÆ /api/admin/storage
Ôö£ ãÆ /api/admin/users
Ôö£ ãÆ /api/admin/users/[id]
Ôö£ ãÆ /api/auth/debug-cookies
Ôö£ ãÆ /api/auth/dev-login
Ôö£ ãÆ /api/auth/establish
Ôö£ ãÆ /api/auth/forgot-password
Ôö£ ãÆ /api/auth/login
Ôö£ ãÆ /api/auth/login/[email]/[password]
Ôö£ ãÆ /api/auth/logout
Ôö£ ãÆ /api/auth/me
Ôö£ ãÆ /api/auth/register
Ôö£ ãÆ /api/auth/register-member
Ôö£ ãÆ /api/auth/resend-verification
Ôö£ ãÆ /api/auth/reset-password
Ôö£ ãÆ /api/auth/test-cookie
Ôö£ ãÆ /api/auth/update-profile
Ôö£ ãÆ /api/auth/verify-cookies
Ôö£ ãÆ /api/auth/verify-email
Ôö£ ãÆ /api/blog/posts
Ôö£ ãÆ /api/chat
Ôö£ ãÆ /api/db-health
Ôö£ ãÆ /api/debug/email-config
Ôö£ ãÆ /api/health
Ôö£ ãÆ /api/instructors/apply
Ôö£ ãÆ /api/notifications
Ôö£ ãÆ /api/payments
Ôö£ ãÆ /api/payments/[id]
Ôö£ ãÆ /api/social/posts
Ôö£ ãÆ /api/social/posts/[id]
Ôö£ ãÆ /api/social/posts/[id]/comments
Ôö£ ãÆ /api/social/posts/[id]/comments/[commentId]/like
Ôö£ ãÆ /api/social/posts/[id]/like
Ôö£ ãÆ /api/student/certificates
Ôö£ ãÆ /api/student/courses
Ôö£ ãÆ /api/student/courses/[id]
Ôö£ ãÆ /api/student/dashboard
Ôö£ ãÆ /api/student/lessons
Ôö£ ãÆ /api/student/lessons/[id]/respond
Ôö£ ãÆ /api/student/notifications
Ôö£ ãÆ /api/student/notifications/[id]/read
Ôö£ ãÆ /api/student/notifications/read-all
Ôö£ ãÆ /api/student/payments
Ôö£ ãÆ /api/student/profile
Ôö£ ãÆ /api/student/schedule
Ôö£ ãÆ /api/teacher-room/meetings
Ôö£ ãÆ /api/teacher-room/meetings/[id]
Ôö£ ãÆ /api/teacher-room/meetings/[id]/chat
Ôö£ ãÆ /api/teacher-room/meetings/[id]/invite
Ôö£ ãÆ /api/teacher-room/meetings/[id]/join
Ôö£ ãÆ /api/teacher-room/meetings/[id]/participant
Ôö£ ãÆ /api/teacher-room/messages
Ôö£ ãÆ /api/teacher-room/messages/[id]
Ôö£ ãÆ /api/teacher-room/messages/[id]/reactions
Ôö£ ãÆ /api/teacher-room/users
Ôö£ ãÆ /api/teacher/analytics
Ôö£ ãÆ /api/teacher/courses
Ôö£ ãÆ /api/teacher/courses/[id]
Ôö£ ãÆ /api/teacher/courses/[id]/lessons
Ôö£ ãÆ /api/teacher/courses/[id]/publish
Ôö£ ãÆ /api/teacher/dashboard
Ôö£ ãÆ /api/teacher/earnings
Ôö£ ãÆ /api/teacher/lessons
Ôö£ ãÆ /api/teacher/lessons/[id]
Ôö£ ãÆ /api/teacher/lessons/[id]/invite
Ôö£ ãÆ /api/teacher/lessons/[id]/join
Ôö£ ãÆ /api/teacher/lessons/[id]/participant
Ôö£ ãÆ /api/teacher/lessons/available-students
Ôö£ ãÆ /api/teacher/notifications
Ôö£ ãÆ /api/teacher/notifications/[id]/read
Ôö£ ãÆ /api/teacher/notifications/read-all
Ôö£ ãÆ /api/teacher/profile
Ôö£ ãÆ /api/teacher/reviews
Ôö£ ãÆ /api/teacher/students
Ôö£ ãÆ /api/upload
Ôö£ ãÆ /assessment
Ôö£ ãÆ /auth/admin-login
Ôö£ ãÆ /auth/forgot-password
Ôö£ ãÆ /auth/login
Ôö£ ãÆ /auth/member-signup
Ôö£ ãÆ /auth/register
Ôö£ ãÆ /auth/reset-password
Ôö£ ãÆ /auth/verify
Ôö£ ãÆ /auth/verify-pending
Ôö£ ãÆ /blog
Ôö£ ãÆ /blog/[slug]
Ôö£ ãÆ /checkout/[slug]
Ôö£ ãÆ /checkout/confirmation
Ôö£ ãÆ /courses
Ôö£ ãÆ /courses/[slug]
Ôö£ ãÆ /faq
Ôö£ ãÆ /help
Ôö£ ãÆ /icon
Ôö£ ãÆ /instructors
Ôö£ ãÆ /instructors/apply
Ôö£ ãÆ /legal/content
Ôö£ ãÆ /legal/privacy
Ôö£ ãÆ /legal/terms
Ôö£ ãÆ /member
Ôö£ ãÆ /pricing
Ôö£ ãÆ /programs
Ôö£ ãÆ /refund-policy
Ôö£ Ôùï /robots.txt
Ôö£ Ôùï /sitemap.xml
Ôö£ ãÆ /social
Ôö£ ãÆ /social/create
Ôö£ ãÆ /social/create/edit
Ôö£ ãÆ /student
Ôö£ ãÆ /student/certificates
Ôö£ ãÆ /student/courses
Ôö£ ãÆ /student/courses/[id]
Ôö£ ãÆ /student/lessons
Ôö£ ãÆ /student/lessons/[id]
Ôö£ ãÆ /student/notifications
Ôö£ ãÆ /student/payments
Ôö£ ãÆ /student/profile
Ôö£ ãÆ /student/schedule
Ôö£ ãÆ /teacher
Ôö£ ãÆ /teacher-room
Ôö£ ãÆ /teacher-room/meeting/[id]
Ôö£ ãÆ /teacher/analytics
Ôö£ ãÆ /teacher/courses
Ôö£ ãÆ /teacher/courses/[id]
Ôö£ ãÆ /teacher/courses/new
Ôö£ ãÆ /teacher/earnings
Ôö£ ãÆ /teacher/lessons
Ôö£ ãÆ /teacher/lessons/[id]
Ôö£ ãÆ /teacher/notifications
Ôö£ ãÆ /teacher/posts
Ôö£ ãÆ /teacher/profile
Ôö£ ãÆ /teacher/reviews
Ôöö ãÆ /teacher/students


ãÆ Proxy (Middleware)

Ôùï  (Static)   prerendered as static content
ãÆ  (Dynamic)  server-rendered on demand

